/gpfs/home5/dglavinkov/ondemand/thesis/lib/python3.11/site-packages/hydra/_internal/defaults_list.py:251: UserWarning: In 'fit_scaling_cdvae_base': Defaults list is missing `_self_`. See https://hydra.cc/docs/1.2/upgrades/1.0_to_1.1/default_composition_order for more information
  warnings.warn(msg, UserWarning)
WARNING:root:Already found existing file: /home//dglavinkov/ondemand/zeogen//source/scaling_factors/cdvae_base/scaling_factors_total_dataset_encoder.json
WARNING:root:Already found existing file: /home//dglavinkov/ondemand/zeogen//source/scaling_factors/cdvae_base/scaling_factors_total_dataset_encoder.json
Working directory: /gpfs/home5/dglavinkov/ondemand/zeogen
Setting up data module
{'encoder': {'_target_': 'encoder.GemNetTEncoder', 'hidden_size': 128, 'num_targets': '$(model.latent_dim)', 'max_neighbors': '${model.max_neighbors}', 'radius': '${model.radius}', 'scale_file': '${oc.env:PROJECT_ROOT}/source/scaling_factors/cdvae_base/scaling_factors_total_dataset_encoder.json'}, 'decoder': {'_target_': 'decoder.GemNetTDecoder', 'hidden_dim_atom_emb': 128, 'hidden_dim_edge_emb': 128, 'latent_dim': '${model.total_latent_dim}', 'max_neighbors': '${model.max_neighbors}', 'radius': '${model.radius}', 'scale_file': '${oc.env:PROJECT_ROOT}/source/scaling_factors/cdvae_base/scaling_factors_total_dataset_decoder.json'}, '_target_': 'cdvae.DiffusionModel', 'hidden_dim': 256, 'total_latent_dim': 256, 'fc_num_layers': 2, 'max_atoms': '${data.max_atoms}', 'cost_natom': 1.0, 'cost_coord': 10.0, 'cost_type': 1.0, 'cost_lattice': 10.0, 'cost_composition': 1.0, 'cost_edge': 10.0, 'cost_property': 1.0, 'beta': 0.01, 'teacher_forcing_lattice': True, 'teacher_forcing_max_epoch': '${data.teacher_forcing_max_epoch}', 'max_neighbors': 20, 'radius': 7.0, 'sigma_begin': 5.0, 'sigma_end': 0.05, 'type_sigma_begin': 0.2, 'type_sigma_end': 0.05, 'num_noise_level': 50, 'predict_property': False, 'load_model': False, 'model_location': 'wandb', 'ckpt_path': '${oc.env:PROJECT_ROOT}/model_checkpoints/model-150-epochs-MFI-only.ckpt', 'experiment_name_to_load': 'cont_training_50_100_epochs_total_dataset', 'run_training': True, 'resume_from_checkpoint': False, 'run_reconstruction': False, 'num_reconstructions': 10, 'reconstructions_file': 'reconstructions-${expname}.pickle', 'save_reconstructions_online': True, 'run_sampling': False, 'num_samples': 30, 'samples_file': 'samples-${expname}.pickle', 'save_samples_online': True}
Instantiating triplet interaction
Instantiating TripInteraction_1
Instantiating autoscaleFit for TripInteraction_1_had_rbf
AutomaticFit init called.
Loading maybe - from /home//dglavinkov/ondemand/zeogen//source/scaling_factors/cdvae_base/scaling_factors_total_dataset_encoder.json.
Fitting mode:  True
Fitted:  False
Instantiating autoscaleFit for TripInteraction_1_sum_cbf
AutomaticFit init called.
Loading maybe - from /home//dglavinkov/ondemand/zeogen//source/scaling_factors/cdvae_base/scaling_factors_total_dataset_encoder.json.
Fitting mode:  True
Fitted:  False
Adding TripInteraction_1_sum_cbf to queue.
Instantiating autoscaleFit for AtomUpdate_1_sum
AutomaticFit init called.
Loading maybe - from /home//dglavinkov/ondemand/zeogen//source/scaling_factors/cdvae_base/scaling_factors_total_dataset_encoder.json.
Fitting mode:  True
Fitted:  False
Adding AtomUpdate_1_sum to queue.
Instantiating triplet interaction
Instantiating TripInteraction_2
Instantiating autoscaleFit for TripInteraction_2_had_rbf
AutomaticFit init called.
Loading maybe - from /home//dglavinkov/ondemand/zeogen//source/scaling_factors/cdvae_base/scaling_factors_total_dataset_encoder.json.
Fitting mode:  True
Fitted:  False
Adding TripInteraction_2_had_rbf to queue.
Instantiating autoscaleFit for TripInteraction_2_sum_cbf
AutomaticFit init called.
Loading maybe - from /home//dglavinkov/ondemand/zeogen//source/scaling_factors/cdvae_base/scaling_factors_total_dataset_encoder.json.
Fitting mode:  True
Fitted:  False
Adding TripInteraction_2_sum_cbf to queue.
Instantiating autoscaleFit for AtomUpdate_2_sum
AutomaticFit init called.
Loading maybe - from /home//dglavinkov/ondemand/zeogen//source/scaling_factors/cdvae_base/scaling_factors_total_dataset_encoder.json.
Fitting mode:  True
Fitted:  False
Adding AtomUpdate_2_sum to queue.
Instantiating triplet interaction
Instantiating TripInteraction_3
Instantiating autoscaleFit for TripInteraction_3_had_rbf
AutomaticFit init called.
Loading maybe - from /home//dglavinkov/ondemand/zeogen//source/scaling_factors/cdvae_base/scaling_factors_total_dataset_encoder.json.
Fitting mode:  True
Fitted:  False
Adding TripInteraction_3_had_rbf to queue.
Instantiating autoscaleFit for TripInteraction_3_sum_cbf
AutomaticFit init called.
Loading maybe - from /home//dglavinkov/ondemand/zeogen//source/scaling_factors/cdvae_base/scaling_factors_total_dataset_encoder.json.
Fitting mode:  True
Fitted:  False
Adding TripInteraction_3_sum_cbf to queue.
Instantiating autoscaleFit for AtomUpdate_3_sum
AutomaticFit init called.
Loading maybe - from /home//dglavinkov/ondemand/zeogen//source/scaling_factors/cdvae_base/scaling_factors_total_dataset_encoder.json.
Fitting mode:  True
Fitted:  False
Adding AtomUpdate_3_sum to queue.
Instantiating autoscaleFit for OutBlock_0_sum
AutomaticFit init called.
Loading maybe - from /home//dglavinkov/ondemand/zeogen//source/scaling_factors/cdvae_base/scaling_factors_total_dataset_encoder.json.
Fitting mode:  True
Fitted:  False
Adding OutBlock_0_sum to queue.
Instantiating autoscaleFit for OutBlock_0_had
AutomaticFit init called.
Loading maybe - from /home//dglavinkov/ondemand/zeogen//source/scaling_factors/cdvae_base/scaling_factors_total_dataset_encoder.json.
Fitting mode:  True
Fitted:  False
Adding OutBlock_0_had to queue.
Instantiating autoscaleFit for OutBlock_1_sum
AutomaticFit init called.
Loading maybe - from /home//dglavinkov/ondemand/zeogen//source/scaling_factors/cdvae_base/scaling_factors_total_dataset_encoder.json.
Fitting mode:  True
Fitted:  False
Adding OutBlock_1_sum to queue.
Instantiating autoscaleFit for OutBlock_1_had
AutomaticFit init called.
Loading maybe - from /home//dglavinkov/ondemand/zeogen//source/scaling_factors/cdvae_base/scaling_factors_total_dataset_encoder.json.
Fitting mode:  True
Fitted:  False
Adding OutBlock_1_had to queue.
Instantiating autoscaleFit for OutBlock_2_sum
AutomaticFit init called.
Loading maybe - from /home//dglavinkov/ondemand/zeogen//source/scaling_factors/cdvae_base/scaling_factors_total_dataset_encoder.json.
Fitting mode:  True
Fitted:  False
Adding OutBlock_2_sum to queue.
Instantiating autoscaleFit for OutBlock_2_had
AutomaticFit init called.
Loading maybe - from /home//dglavinkov/ondemand/zeogen//source/scaling_factors/cdvae_base/scaling_factors_total_dataset_encoder.json.
Fitting mode:  True
Fitted:  False
Adding OutBlock_2_had to queue.
Instantiating autoscaleFit for OutBlock_3_sum
AutomaticFit init called.
Loading maybe - from /home//dglavinkov/ondemand/zeogen//source/scaling_factors/cdvae_base/scaling_factors_total_dataset_encoder.json.
Fitting mode:  True
Fitted:  False
Adding OutBlock_3_sum to queue.
Instantiating autoscaleFit for OutBlock_3_had
AutomaticFit init called.
Loading maybe - from /home//dglavinkov/ondemand/zeogen//source/scaling_factors/cdvae_base/scaling_factors_total_dataset_encoder.json.
Fitting mode:  True
Fitted:  False
Adding OutBlock_3_had to queue.
Instantiating gemnet model
Instantiating triplet interaction
Instantiating TripInteraction_1
Instantiating autoscaleFit for TripInteraction_1_had_rbf
AutomaticFit init called.
Loading maybe - from /home//dglavinkov/ondemand/zeogen//source/scaling_factors/cdvae_base/scaling_factors_total_dataset_encoder.json.
Fitting mode:  True
Fitted:  False
Adding TripInteraction_1_had_rbf to queue.
Instantiating autoscaleFit for TripInteraction_1_sum_cbf
AutomaticFit init called.
Loading maybe - from /home//dglavinkov/ondemand/zeogen//source/scaling_factors/cdvae_base/scaling_factors_total_dataset_encoder.json.
Fitting mode:  True
Fitted:  False
Adding TripInteraction_1_sum_cbf to queue.
Traceback (most recent call last):
  File "/gpfs/home5/dglavinkov/ondemand/thesis/lib/python3.11/site-packages/hydra/_internal/instantiate/_instantiate2.py", line 92, in _call_target
    return _target_(*args, **kwargs)
           ^^^^^^^^^^^^^^^^^^^^^^^^^
  File "/gpfs/home5/dglavinkov/ondemand/zeogen/source/decoder.py", line 57, in __init__
    self.gemnet = GemNetT(
                  ^^^^^^^^
  File "/gpfs/home5/dglavinkov/ondemand/zeogen/source/gemnet/gemnet.py", line 209, in __init__
    interaction_block(
  File "/gpfs/home5/dglavinkov/ondemand/zeogen/source/gemnet/layers/interaction_block.py", line 87, in __init__
    self.trip_interaction = TripletInteraction(
                            ^^^^^^^^^^^^^^^^^^^
  File "/gpfs/home5/dglavinkov/ondemand/zeogen/source/gemnet/layers/interaction_block.py", line 281, in __init__
    self.scale_cbf_sum = ScalingFactor(
                         ^^^^^^^^^^^^^^
  File "/gpfs/home5/dglavinkov/ondemand/zeogen/source/gemnet/layers/scaling.py", line 193, in __init__
    self.autofit = AutoScaleFit(self.scale_factor, scale_file, name)
                   ^^^^^^^^^^^^^^^^^^^^^^^^^^^^^^^^^^^^^^^^^^^^^^^^^
  File "/gpfs/home5/dglavinkov/ondemand/zeogen/source/gemnet/layers/scaling.py", line 110, in __init__
    super().__init__(variable, scale_file, name)
  File "/gpfs/home5/dglavinkov/ondemand/zeogen/source/gemnet/layers/scaling.py", line 44, in __init__
    self._add2queue()  # adding variables to list fill fail in graph mode
    ^^^^^^^^^^^^^^^^^
  File "/gpfs/home5/dglavinkov/ondemand/zeogen/source/gemnet/layers/scaling.py", line 63, in _add2queue
    raise ValueError(
ValueError: Variable with the same name (TripInteraction_1_sum_cbf) and destination file was already added to queue!

The above exception was the direct cause of the following exception:

Traceback (most recent call last):
  File "/gpfs/home5/dglavinkov/ondemand/thesis/lib/python3.11/site-packages/hydra/_internal/instantiate/_instantiate2.py", line 92, in _call_target
    return _target_(*args, **kwargs)
           ^^^^^^^^^^^^^^^^^^^^^^^^^
  File "/gpfs/home5/dglavinkov/ondemand/zeogen/source/cdvae.py", line 77, in __init__
    self.decoder = hydra.utils.instantiate(self.hparams.decoder)
                   ^^^^^^^^^^^^^^^^^^^^^^^^^^^^^^^^^^^^^^^^^^^^^
  File "/gpfs/home5/dglavinkov/ondemand/thesis/lib/python3.11/site-packages/hydra/_internal/instantiate/_instantiate2.py", line 226, in instantiate
    return instantiate_node(
           ^^^^^^^^^^^^^^^^^
  File "/gpfs/home5/dglavinkov/ondemand/thesis/lib/python3.11/site-packages/hydra/_internal/instantiate/_instantiate2.py", line 347, in instantiate_node
    return _call_target(_target_, partial, args, kwargs, full_key)
           ^^^^^^^^^^^^^^^^^^^^^^^^^^^^^^^^^^^^^^^^^^^^^^^^^^^^^^^
  File "/gpfs/home5/dglavinkov/ondemand/thesis/lib/python3.11/site-packages/hydra/_internal/instantiate/_instantiate2.py", line 97, in _call_target
    raise InstantiationException(msg) from e
hydra.errors.InstantiationException: Error in call to target 'decoder.GemNetTDecoder':
ValueError('Variable with the same name (TripInteraction_1_sum_cbf) and destination file was already added to queue!')

The above exception was the direct cause of the following exception:

Traceback (most recent call last):
  File "/home/dglavinkov/ondemand/zeogen/source/fit_scaling_cdvae_base.py", line 156, in <module>
    fit_scaling()
  File "/home/dglavinkov/ondemand/zeogen/source/fit_scaling_cdvae_base.py", line 104, in fit_scaling
    model: pl.LightningModule = hydra.utils.instantiate(
                                ^^^^^^^^^^^^^^^^^^^^^^^^
  File "/gpfs/home5/dglavinkov/ondemand/thesis/lib/python3.11/site-packages/hydra/_internal/instantiate/_instantiate2.py", line 226, in instantiate
    return instantiate_node(
           ^^^^^^^^^^^^^^^^^
  File "/gpfs/home5/dglavinkov/ondemand/thesis/lib/python3.11/site-packages/hydra/_internal/instantiate/_instantiate2.py", line 347, in instantiate_node
    return _call_target(_target_, partial, args, kwargs, full_key)
           ^^^^^^^^^^^^^^^^^^^^^^^^^^^^^^^^^^^^^^^^^^^^^^^^^^^^^^^
  File "/gpfs/home5/dglavinkov/ondemand/thesis/lib/python3.11/site-packages/hydra/_internal/instantiate/_instantiate2.py", line 97, in _call_target
    raise InstantiationException(msg) from e
hydra.errors.InstantiationException: Error in call to target 'cdvae.DiffusionModel':
InstantiationException("Error in call to target 'decoder.GemNetTDecoder':\nValueError('Variable with the same name (TripInteraction_1_sum_cbf) and destination file was already added to queue!')")
full_key: model

JOB STATISTICS
==============
Job ID: 8574856
Cluster: snellius
User/Group: dglavinkov/dglavinkov
State: FAILED (exit code 1)
Nodes: 1
Cores per node: 9
CPU Utilized: 00:00:08
CPU Efficiency: 4.68% of 00:02:51 core-walltime
Job Wall-clock time: 00:00:19
Memory Utilized: 2.34 MB
Memory Efficiency: 0.00% of 60.00 GB
