/home/dglavinkov/ondemand/zeogen/source/main.py:365: UserWarning: 
The version_base parameter is not specified.
Please specify a compatability version level, or None.
Will assume defaults for version 1.1
  @hydra.main(config_path=str(PROJECT_ROOT / "conf"), config_name="cdivae_v3")
/gpfs/home5/dglavinkov/ondemand/thesis/lib/python3.11/site-packages/hydra/_internal/defaults_list.py:251: UserWarning: In 'cdivae_v3': Defaults list is missing `_self_`. See https://hydra.cc/docs/1.2/upgrades/1.0_to_1.1/default_composition_order for more information
  warnings.warn(msg, UserWarning)
/gpfs/home5/dglavinkov/ondemand/thesis/lib/python3.11/site-packages/hydra/_internal/hydra.py:119: UserWarning: Future Hydra versions will no longer change working directory at job runtime by default.
See https://hydra.cc/docs/1.2/upgrades/1.1_to_1.2/changes_to_job_working_dir/ for more information.
  ret = run_job(
ENVIRONMENT VARIABLES:
/home//dglavinkov/ondemand/zeogen/
wandb: Using wandb-core as the SDK backend. Please refer to https://wandb.me/wandb-core for more information.
wandb: Currently logged in as: glafk. Use `wandb login --relogin` to force relogin
wandb: Tracking run with wandb version 0.18.1
wandb: Run data is saved locally in /home//dglavinkov/ondemand/zeogen/wandb/wandb/run-20241110_161831-2w94cz2e
wandb: Run `wandb offline` to turn off syncing.
wandb: Syncing run sample_overfit_MOR_10_epochs
wandb: ⭐️ View project at https://wandb.ai/glafk/zeogen
wandb: 🚀 View run at https://wandb.ai/glafk/zeogen/runs/2w94cz2e
Error executing job with overrides: []
Traceback (most recent call last):
  File "/home/dglavinkov/ondemand/zeogen/source/main.py", line 386, in <module>
    main()
  File "/gpfs/home5/dglavinkov/ondemand/thesis/lib/python3.11/site-packages/hydra/main.py", line 94, in decorated_main
    _run_hydra(
  File "/gpfs/home5/dglavinkov/ondemand/thesis/lib/python3.11/site-packages/hydra/_internal/utils.py", line 394, in _run_hydra
    _run_app(
  File "/gpfs/home5/dglavinkov/ondemand/thesis/lib/python3.11/site-packages/hydra/_internal/utils.py", line 457, in _run_app
    run_and_report(
  File "/gpfs/home5/dglavinkov/ondemand/thesis/lib/python3.11/site-packages/hydra/_internal/utils.py", line 223, in run_and_report
    raise ex
  File "/gpfs/home5/dglavinkov/ondemand/thesis/lib/python3.11/site-packages/hydra/_internal/utils.py", line 220, in run_and_report
    return func()
           ^^^^^^
  File "/gpfs/home5/dglavinkov/ondemand/thesis/lib/python3.11/site-packages/hydra/_internal/utils.py", line 458, in <lambda>
    lambda: hydra.run(
            ^^^^^^^^^^
  File "/gpfs/home5/dglavinkov/ondemand/thesis/lib/python3.11/site-packages/hydra/_internal/hydra.py", line 132, in run
    _ = ret.return_value
        ^^^^^^^^^^^^^^^^
  File "/gpfs/home5/dglavinkov/ondemand/thesis/lib/python3.11/site-packages/hydra/core/utils.py", line 260, in return_value
    raise self._return_value
  File "/gpfs/home5/dglavinkov/ondemand/thesis/lib/python3.11/site-packages/hydra/core/utils.py", line 186, in run_job
    ret.return_value = task_function(task_cfg)
                       ^^^^^^^^^^^^^^^^^^^^^^^
  File "/home/dglavinkov/ondemand/zeogen/source/main.py", line 379, in main
    run_sampling_cdivae_v2(cfg, model)
  File "/home/dglavinkov/ondemand/zeogen/source/main.py", line 243, in run_sampling_cdivae_v2
    model_path, model_dir = load_from_wandb(cfg.model.experiment_name_to_load)
                            ^^^^^^^^^^^^^^^^^^^^^^^^^^^^^^^^^^^^^^^^^^^^^^^^^^
  File "/gpfs/home5/dglavinkov/ondemand/zeogen/source/utils.py", line 90, in load_from_wandb
    best_model = next(filter(is_best_model, artifact_list))
                 ^^^^^^^^^^^^^^^^^^^^^^^^^^^^^^^^^^^^^^^^^^
StopIteration
[1;34mwandb[0m: 🚀 View run [33msample_overfit_MOR_10_epochs[0m at: [34mhttps://wandb.ai/glafk/zeogen/runs/2w94cz2e[0m
[1;34mwandb[0m: Find logs at: [1;35m../../../../../../../../../home/dglavinkov/ondemand/zeogen/wandb/wandb/run-20241110_161831-2w94cz2e/logs[0m

JOB STATISTICS
==============
Job ID: 8470096
Cluster: snellius
User/Group: dglavinkov/dglavinkov
State: RUNNING
Nodes: 1
Cores per node: 9
CPU Utilized: 00:00:00
CPU Efficiency: 0.00% of 00:08:06 core-walltime
Job Wall-clock time: 00:00:54
Memory Utilized: 0.00 MB (estimated maximum)
Memory Efficiency: 0.00% of 60.00 GB (60.00 GB/node)
WARNING: Efficiency statistics may be misleading for RUNNING jobs.
