/home/dglavinkov/ondemand/zeogen_legacy/zeogen/source/main.py:172: UserWarning: 
The version_base parameter is not specified.
Please specify a compatability version level, or None.
Will assume defaults for version 1.1
  @hydra.main(config_path=str(PROJECT_ROOT / "conf"), config_name="diffusion")
/gpfs/home5/dglavinkov/ondemand/thesis/lib/python3.11/site-packages/hydra/_internal/defaults_list.py:251: UserWarning: In 'diffusion': Defaults list is missing `_self_`. See https://hydra.cc/docs/1.2/upgrades/1.0_to_1.1/default_composition_order for more information
  warnings.warn(msg, UserWarning)
/gpfs/home5/dglavinkov/ondemand/thesis/lib/python3.11/site-packages/hydra/_internal/hydra.py:119: UserWarning: Future Hydra versions will no longer change working directory at job runtime by default.
See https://hydra.cc/docs/1.2/upgrades/1.1_to_1.2/changes_to_job_working_dir/ for more information.
  ret = run_job(
256
[2024-12-05 03:31:54,392][hydra.utils][INFO] - Loading model <diffusion_model.DiffusionModel>
Instantiating triplet interaction
Instantiating TripInteraction_1
Instantiating autoscaleFit for TripInteraction_1_had_rbf
AutomaticFit init called.
Fitting mode:  False
Fitted:  True
Instantiating autoscaleFit for TripInteraction_1_sum_cbf
AutomaticFit init called.
Fitting mode:  False
Fitted:  True
Instantiating autoscaleFit for AtomUpdate_1_sum
AutomaticFit init called.
Fitting mode:  False
Fitted:  True
Instantiating triplet interaction
Instantiating TripInteraction_2
Instantiating autoscaleFit for TripInteraction_2_had_rbf
AutomaticFit init called.
Fitting mode:  False
Fitted:  True
Instantiating autoscaleFit for TripInteraction_2_sum_cbf
AutomaticFit init called.
Fitting mode:  False
Fitted:  True
Instantiating autoscaleFit for AtomUpdate_2_sum
AutomaticFit init called.
Fitting mode:  False
Fitted:  True
Instantiating triplet interaction
Instantiating TripInteraction_3
Instantiating autoscaleFit for TripInteraction_3_had_rbf
AutomaticFit init called.
Fitting mode:  False
Fitted:  True
Instantiating autoscaleFit for TripInteraction_3_sum_cbf
AutomaticFit init called.
Fitting mode:  False
Fitted:  True
Instantiating autoscaleFit for AtomUpdate_3_sum
AutomaticFit init called.
Fitting mode:  False
Fitted:  True
Instantiating autoscaleFit for OutBlock_0_sum
AutomaticFit init called.
Fitting mode:  False
Fitted:  True
Instantiating autoscaleFit for OutBlock_0_had
AutomaticFit init called.
Fitting mode:  False
Fitted:  True
Instantiating autoscaleFit for OutBlock_1_sum
AutomaticFit init called.
Fitting mode:  False
Fitted:  True
Instantiating autoscaleFit for OutBlock_1_had
AutomaticFit init called.
Fitting mode:  False
Fitted:  True
Instantiating autoscaleFit for OutBlock_2_sum
AutomaticFit init called.
Fitting mode:  False
Fitted:  True
Instantiating autoscaleFit for OutBlock_2_had
AutomaticFit init called.
Fitting mode:  False
Fitted:  True
Instantiating autoscaleFit for OutBlock_3_sum
AutomaticFit init called.
Fitting mode:  False
Fitted:  True
Instantiating autoscaleFit for OutBlock_3_had
AutomaticFit init called.
Fitting mode:  False
Fitted:  True
Instantiating gemnet model
Instantiating triplet interaction
Instantiating TripInteraction_1
Instantiating autoscaleFit for TripInteraction_1_had_rbf
AutomaticFit init called.
Fitting mode:  False
Fitted:  True
Instantiating autoscaleFit for TripInteraction_1_sum_cbf
AutomaticFit init called.
Fitting mode:  False
Fitted:  True
Instantiating autoscaleFit for AtomUpdate_1_sum
AutomaticFit init called.
Fitting mode:  False
Fitted:  True
Instantiating triplet interaction
Instantiating TripInteraction_2
Instantiating autoscaleFit for TripInteraction_2_had_rbf
AutomaticFit init called.
Fitting mode:  False
Fitted:  True
Instantiating autoscaleFit for TripInteraction_2_sum_cbf
AutomaticFit init called.
Fitting mode:  False
Fitted:  True
Instantiating autoscaleFit for AtomUpdate_2_sum
AutomaticFit init called.
Fitting mode:  False
Fitted:  True
Instantiating triplet interaction
Instantiating TripInteraction_3
Instantiating autoscaleFit for TripInteraction_3_had_rbf
AutomaticFit init called.
Fitting mode:  False
Fitted:  True
Instantiating autoscaleFit for TripInteraction_3_sum_cbf
AutomaticFit init called.
Fitting mode:  False
Fitted:  True
Instantiating autoscaleFit for AtomUpdate_3_sum
AutomaticFit init called.
Fitting mode:  False
Fitted:  True
Instantiating autoscaleFit for OutBlock_0_sum
AutomaticFit init called.
Fitting mode:  False
Fitted:  True
Instantiating autoscaleFit for OutBlock_0_had
AutomaticFit init called.
Fitting mode:  False
Fitted:  True
Instantiating autoscaleFit for OutBlock_1_sum
AutomaticFit init called.
Fitting mode:  False
Fitted:  True
Instantiating autoscaleFit for OutBlock_1_had
AutomaticFit init called.
Fitting mode:  False
Fitted:  True
Instantiating autoscaleFit for OutBlock_2_sum
AutomaticFit init called.
Fitting mode:  False
Fitted:  True
Instantiating autoscaleFit for OutBlock_2_had
AutomaticFit init called.
Fitting mode:  False
Fitted:  True
Instantiating autoscaleFit for OutBlock_3_sum
AutomaticFit init called.
Fitting mode:  False
Fitted:  True
Instantiating autoscaleFit for OutBlock_3_had
AutomaticFit init called.
Fitting mode:  False
Fitted:  True
Error executing job with overrides: []
Traceback (most recent call last):
  File "/gpfs/home5/dglavinkov/ondemand/thesis/lib/python3.11/site-packages/lightning_fabric/utilities/data.py", line 487, in __getattr__
    return self[key]
           ~~~~^^^^^
KeyError: 'hoa_conditional'

The above exception was the direct cause of the following exception:

Traceback (most recent call last):
  File "/home/dglavinkov/ondemand/zeogen_legacy/zeogen/source/main.py", line 184, in <module>
    main()
  File "/gpfs/home5/dglavinkov/ondemand/thesis/lib/python3.11/site-packages/hydra/main.py", line 94, in decorated_main
    _run_hydra(
  File "/gpfs/home5/dglavinkov/ondemand/thesis/lib/python3.11/site-packages/hydra/_internal/utils.py", line 394, in _run_hydra
    _run_app(
  File "/gpfs/home5/dglavinkov/ondemand/thesis/lib/python3.11/site-packages/hydra/_internal/utils.py", line 457, in _run_app
    run_and_report(
  File "/gpfs/home5/dglavinkov/ondemand/thesis/lib/python3.11/site-packages/hydra/_internal/utils.py", line 223, in run_and_report
    raise ex
  File "/gpfs/home5/dglavinkov/ondemand/thesis/lib/python3.11/site-packages/hydra/_internal/utils.py", line 220, in run_and_report
    return func()
           ^^^^^^
  File "/gpfs/home5/dglavinkov/ondemand/thesis/lib/python3.11/site-packages/hydra/_internal/utils.py", line 458, in <lambda>
    lambda: hydra.run(
            ^^^^^^^^^^
  File "/gpfs/home5/dglavinkov/ondemand/thesis/lib/python3.11/site-packages/hydra/_internal/hydra.py", line 132, in run
    _ = ret.return_value
        ^^^^^^^^^^^^^^^^
  File "/gpfs/home5/dglavinkov/ondemand/thesis/lib/python3.11/site-packages/hydra/core/utils.py", line 260, in return_value
    raise self._return_value
  File "/gpfs/home5/dglavinkov/ondemand/thesis/lib/python3.11/site-packages/hydra/core/utils.py", line 186, in run_job
    ret.return_value = task_function(task_cfg)
                       ^^^^^^^^^^^^^^^^^^^^^^^
  File "/home/dglavinkov/ondemand/zeogen_legacy/zeogen/source/main.py", line 178, in main
    run_sampling(cfg)
  File "/home/dglavinkov/ondemand/zeogen_legacy/zeogen/source/main.py", line 142, in run_sampling
    model = DiffusionModel.load_from_checkpoint(cfg.model.ckpt_path)
            ^^^^^^^^^^^^^^^^^^^^^^^^^^^^^^^^^^^^^^^^^^^^^^^^^^^^^^^^
  File "/gpfs/home5/dglavinkov/ondemand/thesis/lib/python3.11/site-packages/pytorch_lightning/utilities/model_helpers.py", line 125, in wrapper
    return self.method(cls, *args, **kwargs)
           ^^^^^^^^^^^^^^^^^^^^^^^^^^^^^^^^^
  File "/gpfs/home5/dglavinkov/ondemand/thesis/lib/python3.11/site-packages/pytorch_lightning/core/module.py", line 1581, in load_from_checkpoint
    loaded = _load_from_checkpoint(
             ^^^^^^^^^^^^^^^^^^^^^^
  File "/gpfs/home5/dglavinkov/ondemand/thesis/lib/python3.11/site-packages/pytorch_lightning/core/saving.py", line 91, in _load_from_checkpoint
    model = _load_state(cls, checkpoint, strict=strict, **kwargs)
            ^^^^^^^^^^^^^^^^^^^^^^^^^^^^^^^^^^^^^^^^^^^^^^^^^^^^^
  File "/gpfs/home5/dglavinkov/ondemand/thesis/lib/python3.11/site-packages/pytorch_lightning/core/saving.py", line 158, in _load_state
    obj = cls(**_cls_kwargs)
          ^^^^^^^^^^^^^^^^^^
  File "/gpfs/home5/dglavinkov/ondemand/zeogen_legacy/zeogen/source/diffusion_model.py", line 146, in __init__
    if not self.hparams.hoa_conditional:
           ^^^^^^^^^^^^^^^^^^^^^^^^^^^^
  File "/gpfs/home5/dglavinkov/ondemand/thesis/lib/python3.11/site-packages/lightning_fabric/utilities/data.py", line 489, in __getattr__
    raise AttributeError(f"'{type(self).__name__}' object has no attribute '{key}'") from e
AttributeError: 'AttributeDict' object has no attribute 'hoa_conditional'

JOB STATISTICS
==============
Job ID: 8930217
Cluster: snellius
User/Group: dglavinkov/dglavinkov
State: FAILED (exit code 1)
Nodes: 1
Cores per node: 9
CPU Utilized: 00:00:08
CPU Efficiency: 3.42% of 00:03:54 core-walltime
Job Wall-clock time: 00:00:26
Memory Utilized: 2.31 MB
Memory Efficiency: 0.00% of 60.00 GB
