Traceback (most recent call last):
  File "/home/dglavinkov/ondemand/zeogen_legacy/zeogen/source/main.py", line 11, in <module>
    from diffusion_model import DiffusionModel
  File "/gpfs/home5/dglavinkov/ondemand/zeogen_legacy/zeogen/source/diffusion_model.py", line 20, in <module>
    from data_utils.crystal_utils import frac_to_cart_coords, cart_to_frac_coords, min_distance_sqr_pbc, mard, lengths_angles_to_volume
  File "/gpfs/home5/dglavinkov/ondemand/zeogen_legacy/zeogen/source/data_utils/__init__.py", line 1, in <module>
    from crystal_utils import save_samples_as_cifs
ModuleNotFoundError: No module named 'crystal_utils'

JOB STATISTICS
==============
Job ID: 8930244
Cluster: snellius
User/Group: dglavinkov/dglavinkov
State: FAILED (exit code 1)
Nodes: 1
Cores per node: 9
CPU Utilized: 00:00:03
CPU Efficiency: 2.56% of 00:01:57 core-walltime
Job Wall-clock time: 00:00:13
Memory Utilized: 2.34 MB
Memory Efficiency: 0.00% of 60.00 GB
