/gpfs/home5/dglavinkov/ondemand/thesis/lib/python3.11/site-packages/hydra/_internal/defaults_list.py:251: UserWarning: In 'fit_scaling_cdvae_base': Defaults list is missing `_self_`. See https://hydra.cc/docs/1.2/upgrades/1.0_to_1.1/default_composition_order for more information
  warnings.warn(msg, UserWarning)
WARNING:root:Already found existing file: /home//dglavinkov/ondemand/zeogen//source/scaling_factors/cdvae_base/scaling_factors_total_dataset_encoder.json
WARNING:root:Already found existing file: /home//dglavinkov/ondemand/zeogen//source/scaling_factors/cdvae_base/scaling_factors_total_dataset_encoder.json
Working directory: /gpfs/home5/dglavinkov/ondemand/zeogen
Setting up data module
Traceback (most recent call last):
  File "/home/dglavinkov/ondemand/zeogen/source/fit_scaling_cdvae_base.py", line 155, in <module>
    fit_scaling()
  File "/home/dglavinkov/ondemand/zeogen/source/fit_scaling_cdvae_base.py", line 99, in fit_scaling
    cfg.model.cdvae_base.encoder.gemnet_encoder.scale_file = encoder_scale_file
    ^^^^^^^^^^^^^^^^^^^^
  File "/gpfs/home5/dglavinkov/ondemand/thesis/lib/python3.11/site-packages/omegaconf/dictconfig.py", line 359, in __getattr__
    self._format_and_raise(key=key, value=None, cause=e)
  File "/gpfs/home5/dglavinkov/ondemand/thesis/lib/python3.11/site-packages/omegaconf/base.py", line 231, in _format_and_raise
    format_and_raise(
  File "/gpfs/home5/dglavinkov/ondemand/thesis/lib/python3.11/site-packages/omegaconf/_utils.py", line 819, in format_and_raise
    _raise(ex, cause)
  File "/gpfs/home5/dglavinkov/ondemand/thesis/lib/python3.11/site-packages/omegaconf/_utils.py", line 797, in _raise
    raise ex.with_traceback(sys.exc_info()[2])  # set env var OC_CAUSE=1 for full trace
    ^^^^^^^^^^^^^^^^^^^^^^^^^^^^^^^^^^^^^^^^^^
  File "/gpfs/home5/dglavinkov/ondemand/thesis/lib/python3.11/site-packages/omegaconf/dictconfig.py", line 351, in __getattr__
    return self._get_impl(
           ^^^^^^^^^^^^^^^
  File "/gpfs/home5/dglavinkov/ondemand/thesis/lib/python3.11/site-packages/omegaconf/dictconfig.py", line 442, in _get_impl
    node = self._get_child(
           ^^^^^^^^^^^^^^^^
  File "/gpfs/home5/dglavinkov/ondemand/thesis/lib/python3.11/site-packages/omegaconf/basecontainer.py", line 73, in _get_child
    child = self._get_node(
            ^^^^^^^^^^^^^^^
  File "/gpfs/home5/dglavinkov/ondemand/thesis/lib/python3.11/site-packages/omegaconf/dictconfig.py", line 475, in _get_node
    self._validate_get(key)
  File "/gpfs/home5/dglavinkov/ondemand/thesis/lib/python3.11/site-packages/omegaconf/dictconfig.py", line 164, in _validate_get
    self._format_and_raise(
  File "/gpfs/home5/dglavinkov/ondemand/thesis/lib/python3.11/site-packages/omegaconf/base.py", line 231, in _format_and_raise
    format_and_raise(
  File "/gpfs/home5/dglavinkov/ondemand/thesis/lib/python3.11/site-packages/omegaconf/_utils.py", line 899, in format_and_raise
    _raise(ex, cause)
  File "/gpfs/home5/dglavinkov/ondemand/thesis/lib/python3.11/site-packages/omegaconf/_utils.py", line 797, in _raise
    raise ex.with_traceback(sys.exc_info()[2])  # set env var OC_CAUSE=1 for full trace
    ^^^^^^^^^^^^^^^^^^^^^^^^^^^^^^^^^^^^^^^^^^
omegaconf.errors.ConfigAttributeError: Key 'cdvae_base' is not in struct
    full_key: model.cdvae_base
    object_type=dict

JOB STATISTICS
==============
Job ID: 8574819
Cluster: snellius
User/Group: dglavinkov/dglavinkov
State: FAILED (exit code 1)
Nodes: 1
Cores per node: 9
CPU Utilized: 00:00:07
CPU Efficiency: 4.09% of 00:02:51 core-walltime
Job Wall-clock time: 00:00:19
Memory Utilized: 2.33 MB
Memory Efficiency: 0.00% of 60.00 GB
