/home/dglavinkov/ondemand/zeogen/source/main.py:365: UserWarning: 
The version_base parameter is not specified.
Please specify a compatability version level, or None.
Will assume defaults for version 1.1
  @hydra.main(config_path=str(PROJECT_ROOT / "conf"), config_name="cdivae_v3")
/gpfs/home5/dglavinkov/ondemand/thesis/lib/python3.11/site-packages/hydra/_internal/defaults_list.py:251: UserWarning: In 'cdivae_v3': Defaults list is missing `_self_`. See https://hydra.cc/docs/1.2/upgrades/1.0_to_1.1/default_composition_order for more information
  warnings.warn(msg, UserWarning)
/gpfs/home5/dglavinkov/ondemand/thesis/lib/python3.11/site-packages/hydra/_internal/hydra.py:119: UserWarning: Future Hydra versions will no longer change working directory at job runtime by default.
See https://hydra.cc/docs/1.2/upgrades/1.1_to_1.2/changes_to_job_working_dir/ for more information.
  ret = run_job(
ENVIRONMENT VARIABLES:
/home//dglavinkov/ondemand/zeogen/
[[36m2024-10-30 20:19:08,051[0m][[34mhydra.utils[0m][[32mINFO[0m] - Instantiating <data_utils.data_module.CrystDataModule>[0m
[[36m2024-10-30 20:19:08,069[0m][[34mhydra.utils[0m][[32mINFO[0m] - Instantiating <CDiVAE_v3.CDiVAE_v3>[0m
Instantiating triplet interaction
Instantiating TripInteraction_1
Instantiating autoscaleFit for TripInteraction_1_had_rbf
AutomaticFit init called.
Loading maybe - from /home//dglavinkov/ondemand/zeogen//source/scaling_factors/cdivae_v3/d_encoder_scaling_factors_total_dataset_CDiVAE.json.
Fitting mode:  False
Fitted:  True
Instantiating autoscaleFit for TripInteraction_1_sum_cbf
AutomaticFit init called.
Loading maybe - from /home//dglavinkov/ondemand/zeogen//source/scaling_factors/cdivae_v3/d_encoder_scaling_factors_total_dataset_CDiVAE.json.
Fitting mode:  False
Fitted:  True
Instantiating autoscaleFit for AtomUpdate_1_sum
AutomaticFit init called.
Loading maybe - from /home//dglavinkov/ondemand/zeogen//source/scaling_factors/cdivae_v3/d_encoder_scaling_factors_total_dataset_CDiVAE.json.
Fitting mode:  False
Fitted:  True
Instantiating triplet interaction
Instantiating TripInteraction_2
Instantiating autoscaleFit for TripInteraction_2_had_rbf
AutomaticFit init called.
Loading maybe - from /home//dglavinkov/ondemand/zeogen//source/scaling_factors/cdivae_v3/d_encoder_scaling_factors_total_dataset_CDiVAE.json.
Fitting mode:  False
Fitted:  True
Instantiating autoscaleFit for TripInteraction_2_sum_cbf
AutomaticFit init called.
Loading maybe - from /home//dglavinkov/ondemand/zeogen//source/scaling_factors/cdivae_v3/d_encoder_scaling_factors_total_dataset_CDiVAE.json.
Fitting mode:  False
Fitted:  True
Instantiating autoscaleFit for AtomUpdate_2_sum
AutomaticFit init called.
Loading maybe - from /home//dglavinkov/ondemand/zeogen//source/scaling_factors/cdivae_v3/d_encoder_scaling_factors_total_dataset_CDiVAE.json.
Fitting mode:  False
Fitted:  True
Instantiating triplet interaction
Instantiating TripInteraction_3
Instantiating autoscaleFit for TripInteraction_3_had_rbf
AutomaticFit init called.
Loading maybe - from /home//dglavinkov/ondemand/zeogen//source/scaling_factors/cdivae_v3/d_encoder_scaling_factors_total_dataset_CDiVAE.json.
Fitting mode:  False
Fitted:  True
Instantiating autoscaleFit for TripInteraction_3_sum_cbf
AutomaticFit init called.
Loading maybe - from /home//dglavinkov/ondemand/zeogen//source/scaling_factors/cdivae_v3/d_encoder_scaling_factors_total_dataset_CDiVAE.json.
Fitting mode:  False
Fitted:  True
Instantiating autoscaleFit for AtomUpdate_3_sum
AutomaticFit init called.
Loading maybe - from /home//dglavinkov/ondemand/zeogen//source/scaling_factors/cdivae_v3/d_encoder_scaling_factors_total_dataset_CDiVAE.json.
Fitting mode:  False
Fitted:  True
Instantiating autoscaleFit for OutBlock_0_sum
AutomaticFit init called.
Loading maybe - from /home//dglavinkov/ondemand/zeogen//source/scaling_factors/cdivae_v3/d_encoder_scaling_factors_total_dataset_CDiVAE.json.
Fitting mode:  False
Fitted:  True
Instantiating autoscaleFit for OutBlock_0_had
AutomaticFit init called.
Loading maybe - from /home//dglavinkov/ondemand/zeogen//source/scaling_factors/cdivae_v3/d_encoder_scaling_factors_total_dataset_CDiVAE.json.
Fitting mode:  False
Fitted:  True
Instantiating autoscaleFit for OutBlock_1_sum
AutomaticFit init called.
Loading maybe - from /home//dglavinkov/ondemand/zeogen//source/scaling_factors/cdivae_v3/d_encoder_scaling_factors_total_dataset_CDiVAE.json.
Fitting mode:  False
Fitted:  True
Instantiating autoscaleFit for OutBlock_1_had
AutomaticFit init called.
Loading maybe - from /home//dglavinkov/ondemand/zeogen//source/scaling_factors/cdivae_v3/d_encoder_scaling_factors_total_dataset_CDiVAE.json.
Fitting mode:  False
Fitted:  True
Instantiating autoscaleFit for OutBlock_2_sum
AutomaticFit init called.
Loading maybe - from /home//dglavinkov/ondemand/zeogen//source/scaling_factors/cdivae_v3/d_encoder_scaling_factors_total_dataset_CDiVAE.json.
Fitting mode:  False
Fitted:  True
Instantiating autoscaleFit for OutBlock_2_had
AutomaticFit init called.
Loading maybe - from /home//dglavinkov/ondemand/zeogen//source/scaling_factors/cdivae_v3/d_encoder_scaling_factors_total_dataset_CDiVAE.json.
Fitting mode:  False
Fitted:  True
Instantiating autoscaleFit for OutBlock_3_sum
AutomaticFit init called.
Loading maybe - from /home//dglavinkov/ondemand/zeogen//source/scaling_factors/cdivae_v3/d_encoder_scaling_factors_total_dataset_CDiVAE.json.
Fitting mode:  False
Fitted:  True
Instantiating autoscaleFit for OutBlock_3_had
AutomaticFit init called.
Loading maybe - from /home//dglavinkov/ondemand/zeogen//source/scaling_factors/cdivae_v3/d_encoder_scaling_factors_total_dataset_CDiVAE.json.
Fitting mode:  False
Fitted:  True
Instantiating triplet interaction
Instantiating TripInteraction_1
Instantiating autoscaleFit for TripInteraction_1_had_rbf
AutomaticFit init called.
Loading maybe - from /home//dglavinkov/ondemand/zeogen//source/scaling_factors/cdivae_v3/y_encoder_scaling_factors_total_dataset_CDiVAE.json.
Fitting mode:  False
Fitted:  True
Instantiating autoscaleFit for TripInteraction_1_sum_cbf
AutomaticFit init called.
Loading maybe - from /home//dglavinkov/ondemand/zeogen//source/scaling_factors/cdivae_v3/y_encoder_scaling_factors_total_dataset_CDiVAE.json.
Fitting mode:  False
Fitted:  True
Instantiating autoscaleFit for AtomUpdate_1_sum
AutomaticFit init called.
Loading maybe - from /home//dglavinkov/ondemand/zeogen//source/scaling_factors/cdivae_v3/y_encoder_scaling_factors_total_dataset_CDiVAE.json.
Fitting mode:  False
Fitted:  True
Instantiating triplet interaction
Instantiating TripInteraction_2
Instantiating autoscaleFit for TripInteraction_2_had_rbf
AutomaticFit init called.
Loading maybe - from /home//dglavinkov/ondemand/zeogen//source/scaling_factors/cdivae_v3/y_encoder_scaling_factors_total_dataset_CDiVAE.json.
Fitting mode:  False
Fitted:  True
Instantiating autoscaleFit for TripInteraction_2_sum_cbf
AutomaticFit init called.
Loading maybe - from /home//dglavinkov/ondemand/zeogen//source/scaling_factors/cdivae_v3/y_encoder_scaling_factors_total_dataset_CDiVAE.json.
Fitting mode:  False
Fitted:  True
Instantiating autoscaleFit for AtomUpdate_2_sum
AutomaticFit init called.
Loading maybe - from /home//dglavinkov/ondemand/zeogen//source/scaling_factors/cdivae_v3/y_encoder_scaling_factors_total_dataset_CDiVAE.json.
Fitting mode:  False
Fitted:  True
Instantiating triplet interaction
Instantiating TripInteraction_3
Instantiating autoscaleFit for TripInteraction_3_had_rbf
AutomaticFit init called.
Loading maybe - from /home//dglavinkov/ondemand/zeogen//source/scaling_factors/cdivae_v3/y_encoder_scaling_factors_total_dataset_CDiVAE.json.
Fitting mode:  False
Fitted:  True
Instantiating autoscaleFit for TripInteraction_3_sum_cbf
AutomaticFit init called.
Loading maybe - from /home//dglavinkov/ondemand/zeogen//source/scaling_factors/cdivae_v3/y_encoder_scaling_factors_total_dataset_CDiVAE.json.
Fitting mode:  False
Fitted:  True
Instantiating autoscaleFit for AtomUpdate_3_sum
AutomaticFit init called.
Loading maybe - from /home//dglavinkov/ondemand/zeogen//source/scaling_factors/cdivae_v3/y_encoder_scaling_factors_total_dataset_CDiVAE.json.
Fitting mode:  False
Fitted:  True
Instantiating autoscaleFit for OutBlock_0_sum
AutomaticFit init called.
Loading maybe - from /home//dglavinkov/ondemand/zeogen//source/scaling_factors/cdivae_v3/y_encoder_scaling_factors_total_dataset_CDiVAE.json.
Fitting mode:  False
Fitted:  True
Instantiating autoscaleFit for OutBlock_0_had
AutomaticFit init called.
Loading maybe - from /home//dglavinkov/ondemand/zeogen//source/scaling_factors/cdivae_v3/y_encoder_scaling_factors_total_dataset_CDiVAE.json.
Fitting mode:  False
Fitted:  True
Instantiating autoscaleFit for OutBlock_1_sum
AutomaticFit init called.
Loading maybe - from /home//dglavinkov/ondemand/zeogen//source/scaling_factors/cdivae_v3/y_encoder_scaling_factors_total_dataset_CDiVAE.json.
Fitting mode:  False
Fitted:  True
Instantiating autoscaleFit for OutBlock_1_had
AutomaticFit init called.
Loading maybe - from /home//dglavinkov/ondemand/zeogen//source/scaling_factors/cdivae_v3/y_encoder_scaling_factors_total_dataset_CDiVAE.json.
Fitting mode:  False
Fitted:  True
Instantiating autoscaleFit for OutBlock_2_sum
AutomaticFit init called.
Loading maybe - from /home//dglavinkov/ondemand/zeogen//source/scaling_factors/cdivae_v3/y_encoder_scaling_factors_total_dataset_CDiVAE.json.
Fitting mode:  False
Fitted:  True
Instantiating autoscaleFit for OutBlock_2_had
AutomaticFit init called.
Loading maybe - from /home//dglavinkov/ondemand/zeogen//source/scaling_factors/cdivae_v3/y_encoder_scaling_factors_total_dataset_CDiVAE.json.
Fitting mode:  False
Fitted:  True
Instantiating autoscaleFit for OutBlock_3_sum
AutomaticFit init called.
Loading maybe - from /home//dglavinkov/ondemand/zeogen//source/scaling_factors/cdivae_v3/y_encoder_scaling_factors_total_dataset_CDiVAE.json.
Fitting mode:  False
Fitted:  True
Instantiating autoscaleFit for OutBlock_3_had
AutomaticFit init called.
Loading maybe - from /home//dglavinkov/ondemand/zeogen//source/scaling_factors/cdivae_v3/y_encoder_scaling_factors_total_dataset_CDiVAE.json.
Fitting mode:  False
Fitted:  True
Instantiating gemnet model
Instantiating triplet interaction
Instantiating TripInteraction_1
Instantiating autoscaleFit for TripInteraction_1_had_rbf
AutomaticFit init called.
Loading maybe - from /home//dglavinkov/ondemand/zeogen//source/scaling_factors/cdivae_v3/pos_decoder_scaling_factors_total_dataset_CDiVAE.json.
Fitting mode:  False
Fitted:  True
Instantiating autoscaleFit for TripInteraction_1_sum_cbf
AutomaticFit init called.
Loading maybe - from /home//dglavinkov/ondemand/zeogen//source/scaling_factors/cdivae_v3/pos_decoder_scaling_factors_total_dataset_CDiVAE.json.
Fitting mode:  False
Fitted:  True
Instantiating autoscaleFit for AtomUpdate_1_sum
AutomaticFit init called.
Loading maybe - from /home//dglavinkov/ondemand/zeogen//source/scaling_factors/cdivae_v3/pos_decoder_scaling_factors_total_dataset_CDiVAE.json.
Fitting mode:  False
Fitted:  True
Instantiating triplet interaction
Instantiating TripInteraction_2
Instantiating autoscaleFit for TripInteraction_2_had_rbf
AutomaticFit init called.
Loading maybe - from /home//dglavinkov/ondemand/zeogen//source/scaling_factors/cdivae_v3/pos_decoder_scaling_factors_total_dataset_CDiVAE.json.
Fitting mode:  False
Fitted:  True
Instantiating autoscaleFit for TripInteraction_2_sum_cbf
AutomaticFit init called.
Loading maybe - from /home//dglavinkov/ondemand/zeogen//source/scaling_factors/cdivae_v3/pos_decoder_scaling_factors_total_dataset_CDiVAE.json.
Fitting mode:  False
Fitted:  True
Instantiating autoscaleFit for AtomUpdate_2_sum
AutomaticFit init called.
Loading maybe - from /home//dglavinkov/ondemand/zeogen//source/scaling_factors/cdivae_v3/pos_decoder_scaling_factors_total_dataset_CDiVAE.json.
Fitting mode:  False
Fitted:  True
Instantiating triplet interaction
Instantiating TripInteraction_3
Instantiating autoscaleFit for TripInteraction_3_had_rbf
AutomaticFit init called.
Loading maybe - from /home//dglavinkov/ondemand/zeogen//source/scaling_factors/cdivae_v3/pos_decoder_scaling_factors_total_dataset_CDiVAE.json.
Fitting mode:  False
Fitted:  True
Instantiating autoscaleFit for TripInteraction_3_sum_cbf
AutomaticFit init called.
Loading maybe - from /home//dglavinkov/ondemand/zeogen//source/scaling_factors/cdivae_v3/pos_decoder_scaling_factors_total_dataset_CDiVAE.json.
Fitting mode:  False
Fitted:  True
Instantiating autoscaleFit for AtomUpdate_3_sum
AutomaticFit init called.
Loading maybe - from /home//dglavinkov/ondemand/zeogen//source/scaling_factors/cdivae_v3/pos_decoder_scaling_factors_total_dataset_CDiVAE.json.
Fitting mode:  False
Fitted:  True
Instantiating autoscaleFit for OutBlock_0_sum
AutomaticFit init called.
Loading maybe - from /home//dglavinkov/ondemand/zeogen//source/scaling_factors/cdivae_v3/pos_decoder_scaling_factors_total_dataset_CDiVAE.json.
Fitting mode:  False
Fitted:  True
Instantiating autoscaleFit for OutBlock_0_had
AutomaticFit init called.
Loading maybe - from /home//dglavinkov/ondemand/zeogen//source/scaling_factors/cdivae_v3/pos_decoder_scaling_factors_total_dataset_CDiVAE.json.
Fitting mode:  False
Fitted:  True
Instantiating autoscaleFit for OutBlock_1_sum
AutomaticFit init called.
Loading maybe - from /home//dglavinkov/ondemand/zeogen//source/scaling_factors/cdivae_v3/pos_decoder_scaling_factors_total_dataset_CDiVAE.json.
Fitting mode:  False
Fitted:  True
Instantiating autoscaleFit for OutBlock_1_had
AutomaticFit init called.
Loading maybe - from /home//dglavinkov/ondemand/zeogen//source/scaling_factors/cdivae_v3/pos_decoder_scaling_factors_total_dataset_CDiVAE.json.
Fitting mode:  False
Fitted:  True
Instantiating autoscaleFit for OutBlock_2_sum
AutomaticFit init called.
Loading maybe - from /home//dglavinkov/ondemand/zeogen//source/scaling_factors/cdivae_v3/pos_decoder_scaling_factors_total_dataset_CDiVAE.json.
Fitting mode:  False
Fitted:  True
Instantiating autoscaleFit for OutBlock_2_had
AutomaticFit init called.
Loading maybe - from /home//dglavinkov/ondemand/zeogen//source/scaling_factors/cdivae_v3/pos_decoder_scaling_factors_total_dataset_CDiVAE.json.
Fitting mode:  False
Fitted:  True
Instantiating autoscaleFit for OutBlock_3_sum
AutomaticFit init called.
Loading maybe - from /home//dglavinkov/ondemand/zeogen//source/scaling_factors/cdivae_v3/pos_decoder_scaling_factors_total_dataset_CDiVAE.json.
Fitting mode:  False
Fitted:  True
Instantiating autoscaleFit for OutBlock_3_had
AutomaticFit init called.
Loading maybe - from /home//dglavinkov/ondemand/zeogen//source/scaling_factors/cdivae_v3/pos_decoder_scaling_factors_total_dataset_CDiVAE.json.
Fitting mode:  False
Fitted:  True
Instantiating gemnet model
Instantiating triplet interaction
Instantiating TripInteraction_1
Instantiating autoscaleFit for TripInteraction_1_had_rbf
AutomaticFit init called.
Loading maybe - from /home//dglavinkov/ondemand/zeogen//source/scaling_factors/cdivae_v3/types_decoder_scaling_factors_total_dataset_CDiVAE.json.
Fitting mode:  False
Fitted:  True
Instantiating autoscaleFit for TripInteraction_1_sum_cbf
AutomaticFit init called.
Loading maybe - from /home//dglavinkov/ondemand/zeogen//source/scaling_factors/cdivae_v3/types_decoder_scaling_factors_total_dataset_CDiVAE.json.
Fitting mode:  False
Fitted:  True
Instantiating autoscaleFit for AtomUpdate_1_sum
AutomaticFit init called.
Loading maybe - from /home//dglavinkov/ondemand/zeogen//source/scaling_factors/cdivae_v3/types_decoder_scaling_factors_total_dataset_CDiVAE.json.
Fitting mode:  False
Fitted:  True
Instantiating triplet interaction
Instantiating TripInteraction_2
Instantiating autoscaleFit for TripInteraction_2_had_rbf
AutomaticFit init called.
Loading maybe - from /home//dglavinkov/ondemand/zeogen//source/scaling_factors/cdivae_v3/types_decoder_scaling_factors_total_dataset_CDiVAE.json.
Fitting mode:  False
Fitted:  True
Instantiating autoscaleFit for TripInteraction_2_sum_cbf
AutomaticFit init called.
Loading maybe - from /home//dglavinkov/ondemand/zeogen//source/scaling_factors/cdivae_v3/types_decoder_scaling_factors_total_dataset_CDiVAE.json.
Fitting mode:  False
Fitted:  True
Instantiating autoscaleFit for AtomUpdate_2_sum
AutomaticFit init called.
Loading maybe - from /home//dglavinkov/ondemand/zeogen//source/scaling_factors/cdivae_v3/types_decoder_scaling_factors_total_dataset_CDiVAE.json.
Fitting mode:  False
Fitted:  True
Instantiating triplet interaction
Instantiating TripInteraction_3
Instantiating autoscaleFit for TripInteraction_3_had_rbf
AutomaticFit init called.
Loading maybe - from /home//dglavinkov/ondemand/zeogen//source/scaling_factors/cdivae_v3/types_decoder_scaling_factors_total_dataset_CDiVAE.json.
Fitting mode:  False
Fitted:  True
Instantiating autoscaleFit for TripInteraction_3_sum_cbf
AutomaticFit init called.
Loading maybe - from /home//dglavinkov/ondemand/zeogen//source/scaling_factors/cdivae_v3/types_decoder_scaling_factors_total_dataset_CDiVAE.json.
Fitting mode:  False
Fitted:  True
Instantiating autoscaleFit for AtomUpdate_3_sum
AutomaticFit init called.
Loading maybe - from /home//dglavinkov/ondemand/zeogen//source/scaling_factors/cdivae_v3/types_decoder_scaling_factors_total_dataset_CDiVAE.json.
Fitting mode:  False
Fitted:  True
Instantiating autoscaleFit for OutBlock_0_sum
AutomaticFit init called.
Loading maybe - from /home//dglavinkov/ondemand/zeogen//source/scaling_factors/cdivae_v3/types_decoder_scaling_factors_total_dataset_CDiVAE.json.
Fitting mode:  False
Fitted:  True
Instantiating autoscaleFit for OutBlock_0_had
AutomaticFit init called.
Loading maybe - from /home//dglavinkov/ondemand/zeogen//source/scaling_factors/cdivae_v3/types_decoder_scaling_factors_total_dataset_CDiVAE.json.
Fitting mode:  False
Fitted:  True
Instantiating autoscaleFit for OutBlock_1_sum
AutomaticFit init called.
Loading maybe - from /home//dglavinkov/ondemand/zeogen//source/scaling_factors/cdivae_v3/types_decoder_scaling_factors_total_dataset_CDiVAE.json.
Fitting mode:  False
Fitted:  True
Instantiating autoscaleFit for OutBlock_1_had
AutomaticFit init called.
Loading maybe - from /home//dglavinkov/ondemand/zeogen//source/scaling_factors/cdivae_v3/types_decoder_scaling_factors_total_dataset_CDiVAE.json.
Fitting mode:  False
Fitted:  True
Instantiating autoscaleFit for OutBlock_2_sum
AutomaticFit init called.
Loading maybe - from /home//dglavinkov/ondemand/zeogen//source/scaling_factors/cdivae_v3/types_decoder_scaling_factors_total_dataset_CDiVAE.json.
Fitting mode:  False
Fitted:  True
Instantiating autoscaleFit for OutBlock_2_had
AutomaticFit init called.
Loading maybe - from /home//dglavinkov/ondemand/zeogen//source/scaling_factors/cdivae_v3/types_decoder_scaling_factors_total_dataset_CDiVAE.json.
Fitting mode:  False
Fitted:  True
Instantiating autoscaleFit for OutBlock_3_sum
AutomaticFit init called.
Loading maybe - from /home//dglavinkov/ondemand/zeogen//source/scaling_factors/cdivae_v3/types_decoder_scaling_factors_total_dataset_CDiVAE.json.
Fitting mode:  False
Fitted:  True
Instantiating autoscaleFit for OutBlock_3_had
AutomaticFit init called.
Loading maybe - from /home//dglavinkov/ondemand/zeogen//source/scaling_factors/cdivae_v3/types_decoder_scaling_factors_total_dataset_CDiVAE.json.
Fitting mode:  False
Fitted:  True
[[36m2024-10-30 20:19:09,770[0m][[34mhydra.utils[0m][[32mINFO[0m] - Passing scalers from datamodule to model>[0m
[[36m2024-10-30 20:19:09,771[0m][[34mhydra.utils[0m][[32mINFO[0m] - Instantiating <WandbLogger>[0m
[[36m2024-10-30 20:19:09,773[0m][[34mhydra.utils[0m][[32mINFO[0m] - W&B is now watching <{cfg.logging.wandb_watch.log}>![0m
wandb: Using wandb-core as the SDK backend. Please refer to https://wandb.me/wandb-core for more information.
wandb: Currently logged in as: glafk. Use `wandb login --relogin` to force relogin
wandb: Tracking run with wandb version 0.18.1
wandb: Run data is saved locally in ./wandb/run-20241030_201910-2y21w0go
wandb: Run `wandb offline` to turn off syncing.
wandb: Syncing run train_crf_separate_grads
wandb: ⭐️ View project at https://wandb.ai/glafk/zeogen
wandb: 🚀 View run at https://wandb.ai/glafk/zeogen/runs/2y21w0go
wandb: logging graph, to disable use `wandb.watch(log_graph=False)`
[[36m2024-10-30 20:19:10,986[0m][[34mhydra.utils[0m][[32mINFO[0m] - Instantiating the Trainer[0m
GPU available: True (cuda), used: True
TPU available: False, using: 0 TPU cores
IPU available: False, using: 0 IPUs
HPU available: False, using: 0 HPUs
[[36m2024-10-30 20:19:11,093[0m][[34mhydra.utils[0m][[32mINFO[0m] - Starting training![0m
You are using a CUDA device ('NVIDIA A100-SXM4-40GB MIG 3g.20gb') that has Tensor Cores. To properly utilize them, you should set `torch.set_float32_matmul_precision('medium' | 'high')` which will trade-off precision for performance. For more details, read https://pytorch.org/docs/stable/generated/torch.set_float32_matmul_precision.html#torch.set_float32_matmul_precision
LOCAL_RANK: 0 - CUDA_VISIBLE_DEVICES: [MIG-8bd44e3b-1799-5308-93bf-f2840019fcc5]

   | Name               | Type              | Params
----------------------------------------------------------
0  | zd_encoder         | GemNetTEncoderExt | 2.5 M 
1  | zy_encoder         | GemNetTEncoderExt | 2.5 M 
2  | pzd                | CondPrior         | 33.4 K
3  | pzy                | CondPrior         | 33.4 K
4  | positions_decoder  | GemNetTDecoder    | 2.3 M 
5  | types_decoder      | GemNetTDecoder    | 2.3 M 
6  | domain_predictor   | Sequential        | 105 K 
7  | hoa_mu_predictor   | Sequential        | 99.1 K
8  | hoa_std_predictor  | Sequential        | 99.1 K
9  | norm_hoa_predictor | Sequential        | 99.1 K
10 | fc_num_atoms       | Sequential        | 362 K 
11 | fc_lengths         | Sequential        | 99.6 K
12 | fc_angles          | Sequential        | 99.6 K
13 | fc_composition     | Sequential        | 99.1 K
14 | crf_layer          | CRF               | 8     
   | other params       | n/a               | 40    
----------------------------------------------------------
10.7 M    Trainable params
108       Non-trainable params
10.7 M    Total params
42.752    Total estimated model params size (MB)
SLURM auto-requeueing enabled. Setting signal handlers.
Setting up data module
Sanity Checking: |          | 0/? [00:00<?, ?it/s]/gpfs/home5/dglavinkov/ondemand/thesis/lib/python3.11/site-packages/pytorch_lightning/trainer/connectors/data_connector.py:441: The 'val_dataloader' does not have many workers which may be a bottleneck. Consider increasing the value of the `num_workers` argument` to `num_workers=8` in the `DataLoader` to improve performance.
Sanity Checking:   0%|          | 0/2 [00:00<?, ?it/s]Sanity Checking DataLoader 0:   0%|          | 0/2 [00:00<?, ?it/s]/gpfs/home5/dglavinkov/ondemand/thesis/lib/python3.11/site-packages/pytorch_lightning/utilities/data.py:77: Trying to infer the `batch_size` from an ambiguous collection. The batch size we found is 2. To avoid any miscalculations, use `self.log(..., batch_size=batch_size)`.
Sanity Checking DataLoader 0:  50%|█████     | 1/2 [00:00<00:00,  1.13it/s]Sanity Checking DataLoader 0: 100%|██████████| 2/2 [00:01<00:00,  1.67it/s]                                                                           /gpfs/home5/dglavinkov/ondemand/thesis/lib/python3.11/site-packages/pytorch_lightning/trainer/connectors/data_connector.py:441: The 'train_dataloader' does not have many workers which may be a bottleneck. Consider increasing the value of the `num_workers` argument` to `num_workers=8` in the `DataLoader` to improve performance.
Training: |          | 0/? [00:00<?, ?it/s]Training:   0%|          | 0/485 [00:00<?, ?it/s]Epoch 0:   0%|          | 0/485 [00:00<?, ?it/s] Error executing job with overrides: []
Traceback (most recent call last):
  File "/gpfs/home5/dglavinkov/ondemand/zeogen/source/CDiVAE_v3.py", line 965, in training_step
    outputs = self(batch, teacher_forcing, training=True)
              ^^^^^^^^^^^^^^^^^^^^^^^^^^^^^^^^^^^^^^^^^^^
  File "/gpfs/home5/dglavinkov/ondemand/thesis/lib/python3.11/site-packages/torch/nn/modules/module.py", line 1511, in _wrapped_call_impl
    return self._call_impl(*args, **kwargs)
           ^^^^^^^^^^^^^^^^^^^^^^^^^^^^^^^^
  File "/gpfs/home5/dglavinkov/ondemand/thesis/lib/python3.11/site-packages/torch/nn/modules/module.py", line 1561, in _call_impl
    result = forward_call(*args, **kwargs)
             ^^^^^^^^^^^^^^^^^^^^^^^^^^^^^
  File "/gpfs/home5/dglavinkov/ondemand/zeogen/source/CDiVAE_v3.py", line 345, in forward
    pred_cart_coords.requires_grad_(requires_grad=False)
RuntimeError: you can only change requires_grad flags of leaf variables. If you want to use a computed variable in a subgraph that doesn't require differentiation use var_no_grad = var.detach().

During handling of the above exception, another exception occurred:

Traceback (most recent call last):
  File "/gpfs/home5/dglavinkov/ondemand/zeogen/source/CDiVAE_v3.py", line 967, in training_step
    outputs = self(batch, teacher_forcing=True, training=True)
              ^^^^^^^^^^^^^^^^^^^^^^^^^^^^^^^^^^^^^^^^^^^^^^^^
  File "/gpfs/home5/dglavinkov/ondemand/thesis/lib/python3.11/site-packages/torch/nn/modules/module.py", line 1511, in _wrapped_call_impl
    return self._call_impl(*args, **kwargs)
           ^^^^^^^^^^^^^^^^^^^^^^^^^^^^^^^^
  File "/gpfs/home5/dglavinkov/ondemand/thesis/lib/python3.11/site-packages/torch/nn/modules/module.py", line 1561, in _call_impl
    result = forward_call(*args, **kwargs)
             ^^^^^^^^^^^^^^^^^^^^^^^^^^^^^
  File "/gpfs/home5/dglavinkov/ondemand/zeogen/source/CDiVAE_v3.py", line 345, in forward
    pred_cart_coords.requires_grad_(requires_grad=False)
RuntimeError: you can only change requires_grad flags of leaf variables. If you want to use a computed variable in a subgraph that doesn't require differentiation use var_no_grad = var.detach().

During handling of the above exception, another exception occurred:

Traceback (most recent call last):
  File "/home/dglavinkov/ondemand/zeogen/source/main.py", line 386, in <module>
    main()
  File "/gpfs/home5/dglavinkov/ondemand/thesis/lib/python3.11/site-packages/hydra/main.py", line 94, in decorated_main
    _run_hydra(
  File "/gpfs/home5/dglavinkov/ondemand/thesis/lib/python3.11/site-packages/hydra/_internal/utils.py", line 394, in _run_hydra
    _run_app(
  File "/gpfs/home5/dglavinkov/ondemand/thesis/lib/python3.11/site-packages/hydra/_internal/utils.py", line 457, in _run_app
    run_and_report(
  File "/gpfs/home5/dglavinkov/ondemand/thesis/lib/python3.11/site-packages/hydra/_internal/utils.py", line 223, in run_and_report
    raise ex
  File "/gpfs/home5/dglavinkov/ondemand/thesis/lib/python3.11/site-packages/hydra/_internal/utils.py", line 220, in run_and_report
    return func()
           ^^^^^^
  File "/gpfs/home5/dglavinkov/ondemand/thesis/lib/python3.11/site-packages/hydra/_internal/utils.py", line 458, in <lambda>
    lambda: hydra.run(
            ^^^^^^^^^^
  File "/gpfs/home5/dglavinkov/ondemand/thesis/lib/python3.11/site-packages/hydra/_internal/hydra.py", line 132, in run
    _ = ret.return_value
        ^^^^^^^^^^^^^^^^
  File "/gpfs/home5/dglavinkov/ondemand/thesis/lib/python3.11/site-packages/hydra/core/utils.py", line 260, in return_value
    raise self._return_value
  File "/gpfs/home5/dglavinkov/ondemand/thesis/lib/python3.11/site-packages/hydra/core/utils.py", line 186, in run_job
    ret.return_value = task_function(task_cfg)
                       ^^^^^^^^^^^^^^^^^^^^^^^
  File "/home/dglavinkov/ondemand/zeogen/source/main.py", line 371, in main
    model = run_training(cfg)
            ^^^^^^^^^^^^^^^^^
  File "/home/dglavinkov/ondemand/zeogen/source/main.py", line 147, in run_training
    trainer.fit(model=model, datamodule=datamodule)
  File "/gpfs/home5/dglavinkov/ondemand/thesis/lib/python3.11/site-packages/pytorch_lightning/trainer/trainer.py", line 544, in fit
    call._call_and_handle_interrupt(
  File "/gpfs/home5/dglavinkov/ondemand/thesis/lib/python3.11/site-packages/pytorch_lightning/trainer/call.py", line 44, in _call_and_handle_interrupt
    return trainer_fn(*args, **kwargs)
           ^^^^^^^^^^^^^^^^^^^^^^^^^^^
  File "/gpfs/home5/dglavinkov/ondemand/thesis/lib/python3.11/site-packages/pytorch_lightning/trainer/trainer.py", line 580, in _fit_impl
    self._run(model, ckpt_path=ckpt_path)
  File "/gpfs/home5/dglavinkov/ondemand/thesis/lib/python3.11/site-packages/pytorch_lightning/trainer/trainer.py", line 987, in _run
    results = self._run_stage()
              ^^^^^^^^^^^^^^^^^
  File "/gpfs/home5/dglavinkov/ondemand/thesis/lib/python3.11/site-packages/pytorch_lightning/trainer/trainer.py", line 1033, in _run_stage
    self.fit_loop.run()
  File "/gpfs/home5/dglavinkov/ondemand/thesis/lib/python3.11/site-packages/pytorch_lightning/loops/fit_loop.py", line 205, in run
    self.advance()
  File "/gpfs/home5/dglavinkov/ondemand/thesis/lib/python3.11/site-packages/pytorch_lightning/loops/fit_loop.py", line 363, in advance
    self.epoch_loop.run(self._data_fetcher)
  File "/gpfs/home5/dglavinkov/ondemand/thesis/lib/python3.11/site-packages/pytorch_lightning/loops/training_epoch_loop.py", line 140, in run
    self.advance(data_fetcher)
  File "/gpfs/home5/dglavinkov/ondemand/thesis/lib/python3.11/site-packages/pytorch_lightning/loops/training_epoch_loop.py", line 250, in advance
    batch_output = self.automatic_optimization.run(trainer.optimizers[0], batch_idx, kwargs)
                   ^^^^^^^^^^^^^^^^^^^^^^^^^^^^^^^^^^^^^^^^^^^^^^^^^^^^^^^^^^^^^^^^^^^^^^^^^
  File "/gpfs/home5/dglavinkov/ondemand/thesis/lib/python3.11/site-packages/pytorch_lightning/loops/optimization/automatic.py", line 190, in run
    self._optimizer_step(batch_idx, closure)
  File "/gpfs/home5/dglavinkov/ondemand/thesis/lib/python3.11/site-packages/pytorch_lightning/loops/optimization/automatic.py", line 268, in _optimizer_step
    call._call_lightning_module_hook(
  File "/gpfs/home5/dglavinkov/ondemand/thesis/lib/python3.11/site-packages/pytorch_lightning/trainer/call.py", line 157, in _call_lightning_module_hook
    output = fn(*args, **kwargs)
             ^^^^^^^^^^^^^^^^^^^
  File "/gpfs/home5/dglavinkov/ondemand/thesis/lib/python3.11/site-packages/pytorch_lightning/core/module.py", line 1303, in optimizer_step
    optimizer.step(closure=optimizer_closure)
  File "/gpfs/home5/dglavinkov/ondemand/thesis/lib/python3.11/site-packages/pytorch_lightning/core/optimizer.py", line 152, in step
    step_output = self._strategy.optimizer_step(self._optimizer, closure, **kwargs)
                  ^^^^^^^^^^^^^^^^^^^^^^^^^^^^^^^^^^^^^^^^^^^^^^^^^^^^^^^^^^^^^^^^^
  File "/gpfs/home5/dglavinkov/ondemand/thesis/lib/python3.11/site-packages/pytorch_lightning/strategies/strategy.py", line 239, in optimizer_step
    return self.precision_plugin.optimizer_step(optimizer, model=model, closure=closure, **kwargs)
           ^^^^^^^^^^^^^^^^^^^^^^^^^^^^^^^^^^^^^^^^^^^^^^^^^^^^^^^^^^^^^^^^^^^^^^^^^^^^^^^^^^^^^^^
  File "/gpfs/home5/dglavinkov/ondemand/thesis/lib/python3.11/site-packages/pytorch_lightning/plugins/precision/precision.py", line 122, in optimizer_step
    return optimizer.step(closure=closure, **kwargs)
           ^^^^^^^^^^^^^^^^^^^^^^^^^^^^^^^^^^^^^^^^^
  File "/gpfs/home5/dglavinkov/ondemand/thesis/lib/python3.11/site-packages/torch/optim/optimizer.py", line 385, in wrapper
    out = func(*args, **kwargs)
          ^^^^^^^^^^^^^^^^^^^^^
  File "/gpfs/home5/dglavinkov/ondemand/thesis/lib/python3.11/site-packages/torch/optim/optimizer.py", line 76, in _use_grad
    ret = func(self, *args, **kwargs)
          ^^^^^^^^^^^^^^^^^^^^^^^^^^^
  File "/gpfs/home5/dglavinkov/ondemand/thesis/lib/python3.11/site-packages/torch/optim/adam.py", line 146, in step
    loss = closure()
           ^^^^^^^^^
  File "/gpfs/home5/dglavinkov/ondemand/thesis/lib/python3.11/site-packages/pytorch_lightning/plugins/precision/precision.py", line 108, in _wrap_closure
    closure_result = closure()
                     ^^^^^^^^^
  File "/gpfs/home5/dglavinkov/ondemand/thesis/lib/python3.11/site-packages/pytorch_lightning/loops/optimization/automatic.py", line 144, in __call__
    self._result = self.closure(*args, **kwargs)
                   ^^^^^^^^^^^^^^^^^^^^^^^^^^^^^
  File "/gpfs/home5/dglavinkov/ondemand/thesis/lib/python3.11/site-packages/torch/utils/_contextlib.py", line 115, in decorate_context
    return func(*args, **kwargs)
           ^^^^^^^^^^^^^^^^^^^^^
  File "/gpfs/home5/dglavinkov/ondemand/thesis/lib/python3.11/site-packages/pytorch_lightning/loops/optimization/automatic.py", line 129, in closure
    step_output = self._step_fn()
                  ^^^^^^^^^^^^^^^
  File "/gpfs/home5/dglavinkov/ondemand/thesis/lib/python3.11/site-packages/pytorch_lightning/loops/optimization/automatic.py", line 318, in _training_step
    training_step_output = call._call_strategy_hook(trainer, "training_step", *kwargs.values())
                           ^^^^^^^^^^^^^^^^^^^^^^^^^^^^^^^^^^^^^^^^^^^^^^^^^^^^^^^^^^^^^^^^^^^^
  File "/gpfs/home5/dglavinkov/ondemand/thesis/lib/python3.11/site-packages/pytorch_lightning/trainer/call.py", line 309, in _call_strategy_hook
    output = fn(*args, **kwargs)
             ^^^^^^^^^^^^^^^^^^^
  File "/gpfs/home5/dglavinkov/ondemand/thesis/lib/python3.11/site-packages/pytorch_lightning/strategies/strategy.py", line 391, in training_step
    return self.lightning_module.training_step(*args, **kwargs)
           ^^^^^^^^^^^^^^^^^^^^^^^^^^^^^^^^^^^^^^^^^^^^^^^^^^^^
  File "/gpfs/home5/dglavinkov/ondemand/zeogen/source/CDiVAE_v3.py", line 969, in training_step
    log_dict, loss = self.compute_loss(batch, outputs, prefix='train')
                                              ^^^^^^^
UnboundLocalError: cannot access local variable 'outputs' where it is not associated with a value
[1;34mwandb[0m: 🚀 View run [33mtrain_crf_separate_grads[0m at: [34mhttps://wandb.ai/glafk/zeogen/runs/2y21w0go[0m

JOB STATISTICS
==============
Job ID: 8343848
Cluster: snellius
User/Group: dglavinkov/dglavinkov
State: FAILED (exit code 1)
Nodes: 1
Cores per node: 9
CPU Utilized: 00:00:12
CPU Efficiency: 5.13% of 00:03:54 core-walltime
Job Wall-clock time: 00:00:26
Memory Utilized: 1.60 MB
Memory Efficiency: 0.00% of 60.00 GB
